C51 COMPILER V9.54   DEVICE                                                                01/04/2021 10:01:20 PAGE 1   


C51 COMPILER V9.54, COMPILATION OF MODULE DEVICE
OBJECT MODULE PLACED IN .\Objects\Device.obj
COMPILER INVOKED BY: D:\MySoftWareInstall\Keil_v5\C51\BIN\C51.EXE ATUsing\Device.c OPTIMIZE(8,SPEED) BROWSE DEBUG OBJECT
                    -EXTEND PRINT(.\Listings\Device.lst) TABS(2) OBJECT(.\Objects\Device.obj)

line level    source

   1          #include<reg52.h>
   2          typedef unsigned char u8;
   3          typedef unsigned int u16;
   4          sbit LED = P1^0;
   5          u8 dat;
   6          u8 returndata=0;
   7          void Init(void);                //串口初始化函数
   8          void delayms(u16 n);            //延时子函数
   9          void sendByte(u8 dat);          //发送一个字节
  10          void sendString(u8 *string);    //发送字符串
  11          void ESP8266_Init();            //ESP8266初始化
  12          void senddata();                //输出信息
  13          void Init(void)                 //串口初始化函数
  14          {
  15   1        TMOD = 0x20;                  //定时器工作方式2,8位自动重载(0010 0000)
  16   1        TL1 = 0xfd;                   //装入初值
  17   1        TH1 = 0xfd;   
  18   1        TR1 = 1;                      //启动定时器1
  19   1        REN=1;                        //允许串行口接收数据
  20   1        SM0=0;                        //工作方式1,10位异步收发
  21   1        SM1=1;   
  22   1        EA = 1;                       //打开全局中断控制
  23   1        ES=1;                         //打开串行口中断
  24   1      }
  25          
  26          void main()
  27          {
  28   1          Init();
  29   1          ESP8266_Init();
  30   1          while(1){
  31   2            sendByte(returndata);
  32   2            senddata();
  33   2          }
  34   1      }
  35          
  36          void delayms(u16 n)
  37          {
  38   1        unsigned int i,j;
  39   1        for(i=0;i<n;i++)
  40   1        for(j=0;j<123;j++);
  41   1      }
  42          
  43          void sendByte(u8 dat)           //发送一个字节
  44          {
  45   1        SBUF = dat;
  46   1        while(!TI);
  47   1          TI = 0;
  48   1             
  49   1        
  50   1      }
  51          
  52          void sendString(u8 *string)     //发送字符串
  53          {
  54   1        while(*string)
C51 COMPILER V9.54   DEVICE                                                                01/04/2021 10:01:20 PAGE 2   

  55   1        {
  56   2          sendByte(*string++);
  57   2          delayms(5);
  58   2        }
  59   1      
  60   1      }
  61          void ESP8266_Init()             //esp8266初始化
  62          {
  63   1        sendString("AT\r\n");         //测试AT指令
  64   1        delayms(2000);
  65   1        sendString("AT+RST\r\n");     //重启模块
  66   1        delayms(2000);
  67   1        sendString("AT+CWMODE=3\r\n"); //设置为AP模式
  68   1        delayms(2000);
  69   1        sendString("AT+CWJAP=\"dingler_wifi\",\"dingler54321\"\r\n");  //连接wifi
  70   1        //sendString("AT+CWJAP=\"qingsong\",\"11111111\"\r\n");  //连接wifi
  71   1        delayms(2000);
  72   1        sendString("AT+CIFSR\r\n"); // 查看模块的ip地址
  73   1        delayms(2000);
  74   1        sendString("AT+CIPMODE=1\r\n"); //  设置模块透传模式
  75   1        delayms(2000);
  76   1        sendString("AT+CIPMUX=0\r\n");  //设置为多连接模式，启动模块
  77   1        delayms(2000);
  78   1        sendString("AT+CIPSTART=\"TCP\",\"192.168.6.10\",8080\r\n"); //服务器的设置端口
  79   1        delayms(2000);
  80   1      }
  81          void InterruptUART() interrupt 4   
  82          { 
  83   1              RI = 0;                     //清零
  84   1              dat = SBUF;                 //收到的数据占存到SBUF中
  85   1          {
  86   2               if(dat=='1')
  87   2               {
  88   3                 LED =0;  
  89   3                 returndata=1;
  90   3               }
  91   2               if(dat=='0')  
  92   2               {             
  93   3                  LED =1; 
  94   3                 returndata=1;
  95   3               }else{
  96   3                 returndata=0;
  97   3               }           
  98   2          }
  99   1      }
 100          
 101          //输出信息
 102          void senddata()
 103          {
 104   1        sendString("qingsong\r\n");     //服务器的设置端口数据
 105   1        sendString(&returndata);    
 106   1      } 


MODULE INFORMATION:   STATIC OVERLAYABLE
   CODE SIZE        =    283    ----
   CONSTANT SIZE    =    160    ----
   XDATA SIZE       =   ----    ----
   PDATA SIZE       =   ----    ----
   DATA SIZE        =      2       3
   IDATA SIZE       =   ----    ----
   BIT SIZE         =   ----    ----
C51 COMPILER V9.54   DEVICE                                                                01/04/2021 10:01:20 PAGE 3   

END OF MODULE INFORMATION.


C51 COMPILATION COMPLETE.  0 WARNING(S),  0 ERROR(S)
